BBBBBBBBBBBBBBBBBBBBBBBBBBBBBBBBBBBBBBBB
B                  B                   B
B                  B                   B
B                  B                   B
B                  B                   B
B                  B                   B
B                  BBBBBB              B
B                            BBBBBBBBBBB
B                                      B
B                   BBBBBBB            B
B                  BBBBBBBB  BBBBBBBB  B
B                 BBBBBBBBB  BBBBBBBB  B
B                BBBBBBBBBB  BBBBBBBB  B
B               BBBBBBBBB      BBBBBB  B
B    B   BBBBBBBBBBBBBBBB      BBBBBB  B
BB                             BBBBBB  B
B                              BBBBBB  B
B   B       BBBBBBBBBBBBBBBBBBBBBBBBB  B
B                  BBBBBBBBBBBBBBBBBB  B
B      B                  BBBBBBBBBBB  B
B                                      B
B   B             BBBB                 B
B                BBBBBB                B
BB    BBBBBB    BBBBBBBB               B
B              BBBBBBBBBB              B
BBBBBBBBBBBBBBBBBBBBBBBBBBBBBBBBBBBBBBBB