BBBBBBBBBBBBBBBBBBBBBBBBBBBBBBBBBBBBBBBB
B                  B                   B
B                  B                   B
B                  B                   B
B                  B                   B
B                  B                   B
B                  BBBBBB              B
B                            BBBBBBBBBBB
B                                      B
B                   BBBBBBB            B
B                  BBBBBBBB  BBBBBBBB  B
B                 BBBBBBBBB  BBBBBBBB  B
B                BBBBBBBBBB  BBBBBBBB  B
B               BBBBBBBBB      BBBBBB  B
B        BBBBBBBBBBBBBBBB      BBBBBB  B
BB     BB                      BBBBBB  B
BBB                            BBBBBB  B
BBBB        BBBBBBBBBBBBBBBBBBBBBBBBB  B
B         BB       BBBBBBBBBBBBBBBBBB  B
B        B                BBBBBBBBBBB  B
B      BB                              B
BBB               BBBB                 B
B                BBBBBB                B
B     BBBBB     BBBBBBBB               B
B              BBBBBBBBBB              B
BBBBBBBBBBBBBBBBBBBBBBBBBBBBBBBBBBBBBBBB